--------------------------------------------------
KreCHer Experiment 01: Active and Listening
Press the micro-switch lever. Ctrl+C to quit.
--------------------------------------------------
[09:06:07] KreCHer: PHYSICAL TOUCH REGISTERED
[09:06:07] KreCHer: TOUCH RELEASED
[09:06:09] KreCHer: PHYSICAL TOUCH REGISTERED
[09:06:09] KreCHer: TOUCH RELEASED
[09:06:11] KreCHer: PHYSICAL TOUCH REGISTERED
[09:06:11] KreCHer: TOUCH RELEASED
[09:06:12] KreCHer: PHYSICAL TOUCH REGISTERED
[09:06:12] KreCHer: TOUCH RELEASED
[09:06:14] KreCHer: PHYSICAL TOUCH REGISTERED
[09:06:14] KreCHer: TOUCH RELEASED
[09:06:16] KreCHer: PHYSICAL TOUCH REGISTERED
[09:06:16] KreCHer: TOUCH RELEASED
[09:06:17] KreCHer: PHYSICAL TOUCH REGISTERED
[09:06:17] KreCHer: TOUCH RELEASED
[09:06:19] KreCHer: PHYSICAL TOUCH REGISTERED
[09:06:19] KreCHer: TOUCH RELEASED
[09:06:20] KreCHer: PHYSICAL TOUCH REGISTERED
[09:06:20] KreCHer: TOUCH RELEASED
[09:06:22] KreCHer: PHYSICAL TOUCH REGISTERED
[09:06:22] KreCHer: TOUCH RELEASED
[09:06:24] KreCHer: PHYSICAL TOUCH REGISTERED
[09:06:27] KreCHer: TOUCH RELEASED
[09:06:30] KreCHer: PHYSICAL TOUCH REGISTERED
[09:06:33] KreCHer: TOUCH RELEASED
[09:06:36] KreCHer: PHYSICAL TOUCH REGISTERED
[09:06:39] KreCHer: TOUCH RELEASED
[09:06:42] KreCHer: PHYSICAL TOUCH REGISTERED
[09:06:45] KreCHer: TOUCH RELEASED
[09:06:49] KreCHer: PHYSICAL TOUCH REGISTERED
[09:06:52] KreCHer: TOUCH RELEASED
[09:06:55] KreCHer: PHYSICAL TOUCH REGISTERED
[09:06:58] KreCHer: TOUCH RELEASED
[09:07:00] KreCHer: PHYSICAL TOUCH REGISTERED
[09:07:03] KreCHer: TOUCH RELEASED
[09:07:06] KreCHer: PHYSICAL TOUCH REGISTERED
[09:07:09] KreCHer: TOUCH RELEASED
[09:07:12] KreCHer: PHYSICAL TOUCH REGISTERED
[09:07:15] KreCHer: TOUCH RELEASED
[09:07:18] KreCHer: PHYSICAL TOUCH REGISTERED
[09:07:20] KreCHer: TOUCH RELEASED
[09:07:23] KreCHer: PHYSICAL TOUCH REGISTERED
[09:07:23] KreCHer: TOUCH RELEASED
[09:07:23] KreCHer: PHYSICAL TOUCH REGISTERED
[09:07:24] KreCHer: TOUCH RELEASED
[09:07:24] KreCHer: PHYSICAL TOUCH REGISTERED
[09:07:24] KreCHer: TOUCH RELEASED
[09:07:24] KreCHer: PHYSICAL TOUCH REGISTERED
[09:07:24] KreCHer: TOUCH RELEASED
[09:07:24] KreCHer: PHYSICAL TOUCH REGISTERED
[09:07:24] KreCHer: TOUCH RELEASED
[09:07:24] KreCHer: PHYSICAL TOUCH REGISTERED
[09:07:24] KreCHer: TOUCH RELEASED
[09:07:24] KreCHer: PHYSICAL TOUCH REGISTERED
[09:07:24] KreCHer: TOUCH RELEASED
[09:07:25] KreCHer: PHYSICAL TOUCH REGISTERED
[09:07:25] KreCHer: TOUCH RELEASED
[09:07:25] KreCHer: PHYSICAL TOUCH REGISTERED
[09:07:25] KreCHer: TOUCH RELEASED
[09:07:25] KreCHer: PHYSICAL TOUCH REGISTERED
[09:07:25] KreCHer: TOUCH RELEASED
