--------------------------------------------------
KreCHer Experiment 01: Active and Listening
Press the micro-switch lever. Ctrl+C to quit.
--------------------------------------------------
[09:14:41] KreCHer: PHYSICAL TOUCH REGISTERED
[09:14:41] KreCHer: TOUCH RELEASED
[09:14:42] KreCHer: PHYSICAL TOUCH REGISTERED
[09:14:42] KreCHer: TOUCH RELEASED
[09:14:43] KreCHer: PHYSICAL TOUCH REGISTERED
[09:14:43] KreCHer: TOUCH RELEASED
[09:14:44] KreCHer: PHYSICAL TOUCH REGISTERED
[09:14:45] KreCHer: TOUCH RELEASED
[09:14:46] KreCHer: PHYSICAL TOUCH REGISTERED
[09:14:46] KreCHer: TOUCH RELEASED
[09:14:47] KreCHer: PHYSICAL TOUCH REGISTERED
[09:14:47] KreCHer: TOUCH RELEASED
[09:14:48] KreCHer: PHYSICAL TOUCH REGISTERED
[09:14:48] KreCHer: TOUCH RELEASED
[09:14:49] KreCHer: PHYSICAL TOUCH REGISTERED
[09:14:49] KreCHer: TOUCH RELEASED
[09:14:50] KreCHer: PHYSICAL TOUCH REGISTERED
[09:14:50] KreCHer: TOUCH RELEASED
[09:14:51] KreCHer: PHYSICAL TOUCH REGISTERED
[09:14:51] KreCHer: TOUCH RELEASED
[09:14:59] KreCHer: PHYSICAL TOUCH REGISTERED
[09:14:59] KreCHer: TOUCH RELEASED
[09:14:59] KreCHer: PHYSICAL TOUCH REGISTERED
[09:14:59] KreCHer: TOUCH RELEASED
[09:15:00] KreCHer: PHYSICAL TOUCH REGISTERED
[09:15:00] KreCHer: TOUCH RELEASED
[09:15:00] KreCHer: PHYSICAL TOUCH REGISTERED
[09:15:00] KreCHer: TOUCH RELEASED
[09:15:00] KreCHer: PHYSICAL TOUCH REGISTERED
[09:15:00] KreCHer: TOUCH RELEASED
[09:15:00] KreCHer: PHYSICAL TOUCH REGISTERED
[09:15:01] KreCHer: TOUCH RELEASED
[09:15:01] KreCHer: PHYSICAL TOUCH REGISTERED
[09:15:01] KreCHer: TOUCH RELEASED
[09:15:01] KreCHer: PHYSICAL TOUCH REGISTERED
[09:15:01] KreCHer: TOUCH RELEASED
[09:15:01] KreCHer: PHYSICAL TOUCH REGISTERED
[09:15:02] KreCHer: TOUCH RELEASED
[09:15:02] KreCHer: PHYSICAL TOUCH REGISTERED
[09:15:02] KreCHer: TOUCH RELEASED
[09:15:12] KreCHer: PHYSICAL TOUCH REGISTERED
[09:15:12] KreCHer: TOUCH RELEASED
[09:15:15] KreCHer: PHYSICAL TOUCH REGISTERED
[09:15:16] KreCHer: TOUCH RELEASED
[09:15:16] KreCHer: PHYSICAL TOUCH REGISTERED
[09:15:16] KreCHer: TOUCH RELEASED
