--------------------------------------------------
KreCHer Experiment 01: Active and Listening
Press the micro-switch lever. Ctrl+C to quit.
--------------------------------------------------
[09:18:52] KreCHer: PHYSICAL TOUCH REGISTERED
[09:18:52] KreCHer: TOUCH RELEASED
[09:18:53] KreCHer: PHYSICAL TOUCH REGISTERED
[09:18:53] KreCHer: TOUCH RELEASED
[09:18:54] KreCHer: PHYSICAL TOUCH REGISTERED
[09:18:55] KreCHer: TOUCH RELEASED
[09:18:55] KreCHer: PHYSICAL TOUCH REGISTERED
[09:18:55] KreCHer: TOUCH RELEASED
[09:18:58] KreCHer: PHYSICAL TOUCH REGISTERED
[09:18:59] KreCHer: TOUCH RELEASED
[09:18:59] KreCHer: PHYSICAL TOUCH REGISTERED
[09:18:59] KreCHer: TOUCH RELEASED
[09:19:03] KreCHer: PHYSICAL TOUCH REGISTERED
[09:19:03] KreCHer: TOUCH RELEASED
[09:19:03] KreCHer: PHYSICAL TOUCH REGISTERED
[09:19:03] KreCHer: TOUCH RELEASED
[09:19:04] KreCHer: PHYSICAL TOUCH REGISTERED
[09:19:04] KreCHer: TOUCH RELEASED
[09:19:05] KreCHer: PHYSICAL TOUCH REGISTERED
[09:19:06] KreCHer: TOUCH RELEASED
[09:19:20] KreCHer: PHYSICAL TOUCH REGISTERED
[09:19:20] KreCHer: TOUCH RELEASED
[09:19:21] KreCHer: PHYSICAL TOUCH REGISTERED
[09:19:21] KreCHer: TOUCH RELEASED
[09:19:39] KreCHer: PHYSICAL TOUCH REGISTERED
[09:19:40] KreCHer: TOUCH RELEASED
[09:19:40] KreCHer: PHYSICAL TOUCH REGISTERED
[09:19:41] KreCHer: TOUCH RELEASED
[09:19:41] KreCHer: PHYSICAL TOUCH REGISTERED
[09:19:41] KreCHer: TOUCH RELEASED
[09:19:42] KreCHer: PHYSICAL TOUCH REGISTERED
[09:19:42] KreCHer: TOUCH RELEASED
[09:19:42] KreCHer: PHYSICAL TOUCH REGISTERED
[09:19:42] KreCHer: TOUCH RELEASED
[09:19:43] KreCHer: PHYSICAL TOUCH REGISTERED
[09:19:43] KreCHer: TOUCH RELEASED
[09:19:44] KreCHer: PHYSICAL TOUCH REGISTERED
[09:19:44] KreCHer: TOUCH RELEASED
[09:19:44] KreCHer: PHYSICAL TOUCH REGISTERED
[09:19:44] KreCHer: TOUCH RELEASED
